[10:49:38] >>> Запуск подключения...
[10:49:40] POST https://valletta-s1.goart.work/
[10:49:40] Connected to 5.180.27.16:443
[10:49:40] SSL negotiation with valletta-s1.goart.work
[10:49:40] Server certificate verify failed: unable to get local issuer certificate
[10:49:40] Connected to HTTPS on valletta-s1.goart.work with ciphersuite TLSv1.2-ECDHE-RSA-AES128-GCM-SHA256
[10:49:40] XML POST enabled
[10:49:40] POST https://valletta-s1.goart.work/auth
[10:49:40] SSL negotiation with valletta-s1.goart.work
[10:49:41] Server certificate verify failed: unable to get local issuer certificate
[10:49:41] Connected to HTTPS on valletta-s1.goart.work with ciphersuite TLSv1.2-ECDHE-RSA-AES128-GCM-SHA256
[10:49:41] XML POST enabled
[10:49:41] POST https://valletta-s1.goart.work/auth
[10:49:41] SSL negotiation with valletta-s1.goart.work
[10:49:41] Server certificate verify failed: unable to get local issuer certificate
[10:49:41] Connected to HTTPS on valletta-s1.goart.work with ciphersuite TLSv1.2-ECDHE-RSA-AES128-GCM-SHA256
[10:49:41] POST https://valletta-s1.goart.work/auth
[10:49:41] SSL negotiation with valletta-s1.goart.work
[10:49:42] Server certificate verify failed: unable to get local issuer certificate
[10:49:42] Connected to HTTPS on valletta-s1.goart.work with ciphersuite TLSv1.2-ECDHE-RSA-AES128-GCM-SHA256
[10:49:42] SSL negotiation with valletta-s1.goart.work
[10:49:42] Server certificate verify failed: unable to get local issuer certificate
[10:49:42] Connected to HTTPS on valletta-s1.goart.work with ciphersuite TLSv1.2-ECDHE-RSA-AES128-GCM-SHA256
[10:49:42] Got CONNECT response: HTTP/1.1 200 CONNECTED
[10:49:42] CSTP connected. DPD 10, Keepalive 32400
[10:49:42] Configured as 10.100.219.164, with SSL connected and DTLS disabled
[10:49:42] Disabling all HTTP connection re-use due to --no-http-keepalive option.
[10:49:42] If this helps, please report to <openconnect-devel@lists.infradead.org>.
[10:49:42] Please enter your username.
[10:49:42] Group: [all]:all
[10:49:42] Please enter your username.
[10:49:42] Please enter your password.
[10:49:42] 2: Failed to find matching adapter name: ??????? ?? ??????. (Code 0x00000490)
[10:49:42] Could not open Wintun adapter 'vpn0': ќ«Ґ¬Ґ­в ­Ґ ­ ©¤Ґ­.
[10:49:43] 0: Removed orphaned adapter "vpn0"
[10:49:43] 0: Using existing driver 0.14
[10:49:43] 0: Creating adapter
[10:49:43] Using Wintun device 'vpn0', index 62
[10:49:43] WARNING: Support for Wintun is experimental and may be unstable. If you
[10:49:43]   encounter problems, install the TAP-Windows driver instead. See
[10:49:43]   https://www.infradead.org/openconnect/building.html
[10:49:45] Удалён дефолтный маршрут VPN через 10.100.219.164
[10:49:46] ✓ Split tunneling: 73 подсетей прописано через VPN
[10:49:48] DNS: 8.8.8.8 / 1.1.1.1 → Ethernet 3
[10:51:13] Read error on TLS session: 5
[10:51:13] Failed to reconnect to host valletta-s1.goart.work: ‘¤Ґ« ­  Ї®ЇлвЄ  ўлЇ®«­Ёвм ®ЇҐа жЁо ­  б®ЄҐвҐ ЇаЁ ®вЄ«озҐ­­®© бҐвЁ.
[10:51:13] sleep 10s, remaining timeout 3s
[10:51:23] Failed to reconnect to host valletta-s1.goart.work: ‘¤Ґ« ­  Ї®ЇлвЄ  ўлЇ®«­Ёвм ®ЇҐа жЁо ­  б®ЄҐвҐ ЇаЁ ®вЄ«озҐ­­®© бҐвЁ.
[10:51:23] Reconnect failed
[10:51:24] 0: Spawning native process to remove instance
[10:51:24] CSTP reconnect failed; exiting
[10:51:24] DNS сброшен на DHCP для Ethernet 3
[10:51:24] ⚠ Соединение упало — авто-перезапуск...
[10:51:24] Попытка 1, ожидание 15 сек...
[10:51:28] ⚠ Watchdog: процесс упал — перезапуск через 5 сек...
[10:51:39] Интернет и DNS есть — подключаемся (попытка 1)...
[10:51:41] POST https://valletta-s1.goart.work/
[10:51:41] Connected to 5.180.27.16:443
[10:51:41] SSL negotiation with valletta-s1.goart.work
[10:51:41] Server certificate verify failed: unable to get local issuer certificate
[10:51:41] Connected to HTTPS on valletta-s1.goart.work with ciphersuite TLSv1.2-ECDHE-RSA-AES128-GCM-SHA256
[10:51:41] XML POST enabled
[10:51:41] POST https://valletta-s1.goart.work/auth
[10:51:41] SSL negotiation with valletta-s1.goart.work
[10:51:41] Server certificate verify failed: unable to get local issuer certificate
[10:51:41] Connected to HTTPS on valletta-s1.goart.work with ciphersuite TLSv1.2-ECDHE-RSA-AES128-GCM-SHA256
[10:51:42] XML POST enabled
[10:51:42] POST https://valletta-s1.goart.work/auth
[10:51:42] SSL negotiation with valletta-s1.goart.work
[10:51:42] Server certificate verify failed: unable to get local issuer certificate
[10:51:42] Connected to HTTPS on valletta-s1.goart.work with ciphersuite TLSv1.2-ECDHE-RSA-AES128-GCM-SHA256
[10:51:42] POST https://valletta-s1.goart.work/auth
[10:51:42] SSL negotiation with valletta-s1.goart.work
[10:51:42] Server certificate verify failed: unable to get local issuer certificate
[10:51:42] Connected to HTTPS on valletta-s1.goart.work with ciphersuite TLSv1.2-ECDHE-RSA-AES128-GCM-SHA256
[10:51:43] SSL negotiation with valletta-s1.goart.work
[10:51:43] Server certificate verify failed: unable to get local issuer certificate
[10:51:43] Connected to HTTPS on valletta-s1.goart.work with ciphersuite TLSv1.2-ECDHE-RSA-AES128-GCM-SHA256
[10:51:43] Got CONNECT response: HTTP/1.1 200 CONNECTED
[10:51:43] CSTP connected. DPD 10, Keepalive 32400
[10:51:43] Configured as 10.100.219.164, with SSL connected and DTLS disabled
[10:51:43] 0: Using existing driver 0.14
[10:51:43] 0: Creating adapter
[10:51:44] Disabling all HTTP connection re-use due to --no-http-keepalive option.
[10:51:44] If this helps, please report to <openconnect-devel@lists.infradead.org>.
[10:51:44] Please enter your username.
[10:51:44] Group: [all]:all
[10:51:44] Please enter your username.
[10:51:44] Please enter your password.
[10:51:44] Using Wintun device 'vpn0', index 62
[10:51:44] WARNING: Support for Wintun is experimental and may be unstable. If you
[10:51:44]   encounter problems, install the TAP-Windows driver instead. See
[10:51:44]   https://www.infradead.org/openconnect/building.html
[10:51:45] Удалён дефолтный маршрут VPN через 10.100.219.164
[10:51:47] ✓ Split tunneling: 73 подсетей прописано через VPN
[10:51:48] DNS: 8.8.8.8 / 1.1.1.1 → Ethernet 3
[10:52:01] Read error on TLS session: 5
[10:52:01] Failed to reconnect to host valletta-s1.goart.work: ‘¤Ґ« ­  Ї®ЇлвЄ  ўлЇ®«­Ёвм ®ЇҐа жЁо ­  б®ЄҐвҐ ЇаЁ ®вЄ«озҐ­­®© бҐвЁ.
[10:52:01] sleep 10s, remaining timeout 3s
[10:52:11] Failed to reconnect to host valletta-s1.goart.work: ‘¤Ґ« ­  Ї®ЇлвЄ  ўлЇ®«­Ёвм ®ЇҐа жЁо ­  б®ЄҐвҐ ЇаЁ ®вЄ«озҐ­­®© бҐвЁ.
[10:52:11] Reconnect failed
[10:52:12] 0: Spawning native process to remove instance
[10:52:12] CSTP reconnect failed; exiting
[10:52:12] DNS сброшен на DHCP для Ethernet 3
[10:52:12] ⚠ Соединение упало — авто-перезапуск...
[10:52:12] Попытка 1, ожидание 15 сек...
[10:52:18] ⚠ Watchdog: процесс упал — перезапуск через 5 сек...
[10:52:27] Интернет недоступен, ждём...
[10:52:27] Попытка 2, ожидание 30 сек...
[10:52:57] Интернет недоступен, ждём...
[10:52:57] Попытка 3, ожидание 45 сек...
[10:53:42] Интернет и DNS есть — подключаемся (попытка 3)...
[10:53:44] POST https://valletta-s1.goart.work/
[10:53:44] Connected to 5.180.27.16:443
[10:53:44] SSL negotiation with valletta-s1.goart.work
[10:53:44] Server certificate verify failed: unable to get local issuer certificate
[10:53:44] Connected to HTTPS on valletta-s1.goart.work with ciphersuite TLSv1.2-ECDHE-RSA-AES128-GCM-SHA256
[10:53:44] XML POST enabled
[10:53:44] POST https://valletta-s1.goart.work/auth
[10:53:44] SSL negotiation with valletta-s1.goart.work
[10:53:44] Server certificate verify failed: unable to get local issuer certificate
[10:53:44] Connected to HTTPS on valletta-s1.goart.work with ciphersuite TLSv1.2-ECDHE-RSA-AES128-GCM-SHA256
[10:53:45] XML POST enabled
[10:53:45] POST https://valletta-s1.goart.work/auth
[10:53:45] SSL negotiation with valletta-s1.goart.work
[10:53:45] Server certificate verify failed: unable to get local issuer certificate
[10:53:45] Connected to HTTPS on valletta-s1.goart.work with ciphersuite TLSv1.2-ECDHE-RSA-AES128-GCM-SHA256
[10:53:45] POST https://valletta-s1.goart.work/auth
[10:53:45] SSL negotiation with valletta-s1.goart.work
[10:53:45] Server certificate verify failed: unable to get local issuer certificate
[10:53:45] Connected to HTTPS on valletta-s1.goart.work with ciphersuite TLSv1.2-ECDHE-RSA-AES128-GCM-SHA256
[10:53:46] SSL negotiation with valletta-s1.goart.work
[10:53:46] Server certificate verify failed: unable to get local issuer certificate
[10:53:46] Connected to HTTPS on valletta-s1.goart.work with ciphersuite TLSv1.2-ECDHE-RSA-AES128-GCM-SHA256
[10:53:46] Got CONNECT response: HTTP/1.1 200 CONNECTED
[10:53:46] CSTP connected. DPD 10, Keepalive 32400
[10:53:46] Configured as 10.100.219.164, with SSL connected and DTLS disabled
[10:53:46] 0: Using existing driver 0.14
[10:53:46] 0: Creating adapter
[10:53:47] Disabling all HTTP connection re-use due to --no-http-keepalive option.
[10:53:47] If this helps, please report to <openconnect-devel@lists.infradead.org>.
[10:53:47] Please enter your username.
[10:53:47] Group: [all]:all
[10:53:47] Please enter your username.
[10:53:47] Please enter your password.
[10:53:47] Using Wintun device 'vpn0', index 62
[10:53:47] WARNING: Support for Wintun is experimental and may be unstable. If you
[10:53:47]   encounter problems, install the TAP-Windows driver instead. See
[10:53:47]   https://www.infradead.org/openconnect/building.html
[10:53:48] Удалён дефолтный маршрут VPN через 10.100.219.164
[10:53:50] ✓ Split tunneling: 73 подсетей прописано через VPN
[10:53:51] DNS: 8.8.8.8 / 1.1.1.1 → Ethernet 3
[11:26:28] Read error on TLS session: 5
[11:26:28] Failed to reconnect to host valletta-s1.goart.work: ‘¤Ґ« ­  Ї®ЇлвЄ  ўлЇ®«­Ёвм ®ЇҐа жЁо ­  б®ЄҐвҐ ЇаЁ ®вЄ«озҐ­­®© бҐвЁ.
[11:26:28] sleep 10s, remaining timeout 3s
[11:26:38] Failed to reconnect to host valletta-s1.goart.work: ‘¤Ґ« ­  Ї®ЇлвЄ  ўлЇ®«­Ёвм ®ЇҐа жЁо ­  б®ЄҐвҐ ЇаЁ ®вЄ«озҐ­­®© бҐвЁ.
[11:26:38] Reconnect failed
[11:26:38] 0: Spawning native process to remove instance
[11:26:38] CSTP reconnect failed; exiting
[11:26:39] DNS сброшен на DHCP для Ethernet 3
[11:26:39] ⚠ Соединение упало — авто-перезапуск...
[11:26:39] Попытка 1, ожидание 15 сек...
[11:26:41] ⚠ Watchdog: процесс упал — перезапуск через 5 сек...
[11:26:54] Интернет недоступен, ждём...
[11:26:54] Попытка 2, ожидание 30 сек...
[11:27:24] Интернет недоступен, ждём...
[11:27:24] Попытка 3, ожидание 45 сек...
[11:28:09] Интернет недоступен, ждём...
[11:28:09] Попытка 4, ожидание 60 сек...
[11:29:09] Интернет недоступен, ждём...
[11:29:09] Попытка 5, ожидание 60 сек...
[11:30:09] Интернет недоступен, ждём...
[11:30:09] Попытка 6, ожидание 60 сек...
[11:31:09] Интернет недоступен, ждём...
[11:31:09] Попытка 7, ожидание 60 сек...
[11:32:09] Интернет недоступен, ждём...
[11:32:09] Попытка 8, ожидание 60 сек...
[11:33:09] Интернет недоступен, ждём...
[11:33:09] Попытка 9, ожидание 60 сек...
[11:34:09] Интернет недоступен, ждём...
[11:34:09] Попытка 10, ожидание 60 сек...
[11:35:09] Интернет недоступен, ждём...
[11:35:09] Попытка 11, ожидание 60 сек...
[11:36:09] Интернет недоступен, ждём...
[11:36:09] Попытка 12, ожидание 60 сек...
[11:37:09] Интернет недоступен, ждём...
[11:37:09] Попытка 13, ожидание 60 сек...
[11:38:09] Интернет недоступен, ждём...
[11:38:09] Попытка 14, ожидание 60 сек...
[11:39:09] Интернет недоступен, ждём...
[11:39:09] Попытка 15, ожидание 60 сек...
[11:40:09] Интернет недоступен, ждём...
[11:40:09] Попытка 16, ожидание 60 сек...
[11:41:09] Интернет недоступен, ждём...
[11:41:09] Попытка 17, ожидание 60 сек...
[11:42:09] Интернет недоступен, ждём...
[11:42:09] Попытка 18, ожидание 60 сек...
[11:43:09] Интернет недоступен, ждём...
[11:43:09] Попытка 19, ожидание 60 сек...
[11:44:09] Интернет недоступен, ждём...
[11:44:09] Попытка 20, ожидание 60 сек...
[11:45:09] Интернет недоступен, ждём...
[11:45:09] Попытка 21, ожидание 60 сек...
[11:46:09] Интернет недоступен, ждём...
[11:46:09] Попытка 22, ожидание 60 сек...
[11:47:09] Интернет недоступен, ждём...
[11:47:09] Попытка 23, ожидание 60 сек...
[11:48:09] Интернет недоступен, ждём...
[11:48:09] Попытка 24, ожидание 60 сек...
[11:49:09] Интернет недоступен, ждём...
[11:49:09] Попытка 25, ожидание 60 сек...
[11:50:09] Интернет недоступен, ждём...
[11:50:09] Попытка 26, ожидание 60 сек...
[11:51:09] Интернет недоступен, ждём...
[11:51:09] Попытка 27, ожидание 60 сек...
[11:52:09] Интернет недоступен, ждём...
[11:52:09] Попытка 28, ожидание 60 сек...
[11:53:09] Интернет недоступен, ждём...
[11:53:09] Попытка 29, ожидание 60 сек...
[11:54:09] Интернет недоступен, ждём...
[11:54:09] Попытка 30, ожидание 60 сек...
[11:55:09] Интернет недоступен, ждём...
[11:55:09] Попытка 31, ожидание 60 сек...
[11:56:09] Интернет недоступен, ждём...
[11:56:09] Попытка 32, ожидание 60 сек...
[11:57:09] Интернет недоступен, ждём...
[11:57:09] Попытка 33, ожидание 60 сек...
[11:58:09] Интернет недоступен, ждём...
[11:58:09] Попытка 34, ожидание 60 сек...
[11:59:09] Интернет недоступен, ждём...
[11:59:09] Попытка 35, ожидание 60 сек...
[12:00:09] Интернет недоступен, ждём...
[12:00:09] Попытка 36, ожидание 60 сек...
[12:01:09] Интернет недоступен, ждём...
[12:01:09] Попытка 37, ожидание 60 сек...
[12:02:09] Интернет недоступен, ждём...
[12:02:09] Попытка 38, ожидание 60 сек...
[12:03:09] Интернет недоступен, ждём...
[12:03:09] Попытка 39, ожидание 60 сек...
[12:04:09] Интернет недоступен, ждём...
[12:04:09] Попытка 40, ожидание 60 сек...
[12:05:09] Интернет недоступен, ждём...
[12:05:09] Попытка 41, ожидание 60 сек...
[12:06:09] Интернет недоступен, ждём...
[12:06:09] Попытка 42, ожидание 60 сек...
[12:07:09] Интернет недоступен, ждём...
[12:07:09] Попытка 43, ожидание 60 сек...
[12:08:09] Интернет недоступен, ждём...
[12:08:09] Попытка 44, ожидание 60 сек...
[12:09:09] Интернет недоступен, ждём...
[12:09:09] Попытка 45, ожидание 60 сек...
[12:10:10] Интернет недоступен, ждём...
[12:10:10] Попытка 46, ожидание 60 сек...
[12:11:10] Интернет недоступен, ждём...
[12:11:10] Попытка 47, ожидание 60 сек...
[12:12:10] Интернет недоступен, ждём...
[12:12:10] Попытка 48, ожидание 60 сек...
[12:13:10] Интернет недоступен, ждём...
[12:13:10] Попытка 49, ожидание 60 сек...
[12:14:10] Интернет недоступен, ждём...
[12:14:10] Попытка 50, ожидание 60 сек...
[12:15:10] Интернет недоступен, ждём...
[12:15:10] Попытка 51, ожидание 60 сек...
[12:16:10] Интернет недоступен, ждём...
[12:16:10] Попытка 52, ожидание 60 сек...
[12:17:10] Интернет недоступен, ждём...
[12:17:10] Попытка 53, ожидание 60 сек...
[12:18:10] Интернет недоступен, ждём...
[12:18:10] Попытка 54, ожидание 60 сек...
[12:19:10] Интернет недоступен, ждём...
[12:19:10] Попытка 55, ожидание 60 сек...
[12:20:10] Интернет недоступен, ждём...
[12:20:10] Попытка 56, ожидание 60 сек...
[12:21:10] Интернет недоступен, ждём...
[12:21:10] Попытка 57, ожидание 60 сек...
[12:22:10] Интернет недоступен, ждём...
[12:22:10] Попытка 58, ожидание 60 сек...
[12:23:10] Интернет недоступен, ждём...
[12:23:10] Попытка 59, ожидание 60 сек...
[12:24:10] Интернет недоступен, ждём...
[12:24:10] Попытка 60, ожидание 60 сек...
[12:25:10] Интернет недоступен, ждём...
[12:25:10] Попытка 61, ожидание 60 сек...
[12:26:10] Интернет недоступен, ждём...
[12:26:10] Попытка 62, ожидание 60 сек...
[12:27:10] Интернет недоступен, ждём...
[12:27:10] Попытка 63, ожидание 60 сек...
[12:28:10] Интернет недоступен, ждём...
[12:28:10] Попытка 64, ожидание 60 сек...
[12:29:10] Интернет недоступен, ждём...
[12:29:10] Попытка 65, ожидание 60 сек...
[12:30:10] Интернет недоступен, ждём...
[12:30:10] Попытка 66, ожидание 60 сек...
[12:31:10] Интернет недоступен, ждём...
[12:31:10] Попытка 67, ожидание 60 сек...
[12:32:10] Интернет недоступен, ждём...
[12:32:10] Попытка 68, ожидание 60 сек...
[12:33:10] Интернет недоступен, ждём...
[12:33:10] Попытка 69, ожидание 60 сек...
[12:34:10] Интернет недоступен, ждём...
[12:34:10] Попытка 70, ожидание 60 сек...
[12:35:10] Интернет недоступен, ждём...
[12:35:10] Попытка 71, ожидание 60 сек...
[12:36:10] Интернет недоступен, ждём...
[12:36:10] Попытка 72, ожидание 60 сек...
[12:37:10] Интернет недоступен, ждём...
[12:37:10] Попытка 73, ожидание 60 сек...
[12:38:10] Интернет недоступен, ждём...
[12:38:10] Попытка 74, ожидание 60 сек...
[12:39:10] Интернет недоступен, ждём...
[12:39:10] Попытка 75, ожидание 60 сек...
[12:40:10] Интернет недоступен, ждём...
[12:40:10] Попытка 76, ожидание 60 сек...
[12:41:10] Интернет недоступен, ждём...
[12:41:10] Попытка 77, ожидание 60 сек...
[12:42:10] Интернет недоступен, ждём...
[12:42:10] Попытка 78, ожидание 60 сек...
[12:43:10] Интернет недоступен, ждём...
[12:43:10] Попытка 79, ожидание 60 сек...
[12:44:10] Интернет недоступен, ждём...
[12:44:10] Попытка 80, ожидание 60 сек...
[12:45:10] Интернет недоступен, ждём...
[12:45:10] Попытка 81, ожидание 60 сек...
[12:46:10] Интернет недоступен, ждём...
[12:46:10] Попытка 82, ожидание 60 сек...
[12:47:10] Интернет и DNS есть — подключаемся (попытка 82)...
[12:47:12] POST https://valletta-s1.goart.work/
[12:47:12] Connected to 5.180.27.16:443
[12:47:12] SSL negotiation with valletta-s1.goart.work
[12:47:12] Server certificate verify failed: unable to get local issuer certificate
[12:47:12] Connected to HTTPS on valletta-s1.goart.work with ciphersuite TLSv1.2-ECDHE-RSA-AES128-GCM-SHA256
[12:47:12] XML POST enabled
[12:47:12] POST https://valletta-s1.goart.work/auth
[12:47:12] SSL negotiation with valletta-s1.goart.work
[12:47:13] Server certificate verify failed: unable to get local issuer certificate
[12:47:13] Connected to HTTPS on valletta-s1.goart.work with ciphersuite TLSv1.2-ECDHE-RSA-AES128-GCM-SHA256
[12:47:13] XML POST enabled
[12:47:13] POST https://valletta-s1.goart.work/auth
[12:47:13] SSL negotiation with valletta-s1.goart.work
[12:47:13] Server certificate verify failed: unable to get local issuer certificate
[12:47:13] Connected to HTTPS on valletta-s1.goart.work with ciphersuite TLSv1.2-ECDHE-RSA-AES128-GCM-SHA256
[12:47:13] POST https://valletta-s1.goart.work/auth
[12:47:13] SSL negotiation with valletta-s1.goart.work
[12:47:14] Server certificate verify failed: unable to get local issuer certificate
[12:47:14] Connected to HTTPS on valletta-s1.goart.work with ciphersuite TLSv1.2-ECDHE-RSA-AES128-GCM-SHA256
[12:47:14] SSL negotiation with valletta-s1.goart.work
[12:47:14] Server certificate verify failed: unable to get local issuer certificate
[12:47:14] Connected to HTTPS on valletta-s1.goart.work with ciphersuite TLSv1.2-ECDHE-RSA-AES128-GCM-SHA256
[12:47:14] Got CONNECT response: HTTP/1.1 200 CONNECTED
[12:47:14] CSTP connected. DPD 10, Keepalive 32400
[12:47:14] Configured as 10.100.219.164, with SSL connected and DTLS disabled
[12:47:14] 0: Using existing driver 0.14
[12:47:14] 0: Creating adapter
[12:47:15] Disabling all HTTP connection re-use due to --no-http-keepalive option.
[12:47:15] If this helps, please report to <openconnect-devel@lists.infradead.org>.
[12:47:15] Please enter your username.
[12:47:15] Group: [all]:all
[12:47:15] Please enter your username.
[12:47:15] Please enter your password.
[12:47:15] Using Wintun device 'vpn0', index 62
[12:47:15] WARNING: Support for Wintun is experimental and may be unstable. If you
[12:47:15]   encounter problems, install the TAP-Windows driver instead. See
[12:47:15]   https://www.infradead.org/openconnect/building.html
[12:47:16] Удалён дефолтный маршрут VPN через 10.100.219.164
[12:47:18] ✓ Split tunneling: 73 подсетей прописано через VPN
[12:47:20] DNS: 8.8.8.8 / 1.1.1.1 → Ethernet 3
[12:52:30] DNS сброшен на DHCP для Ethernet 3
[12:52:38] >>> Запуск подключения...
[12:52:40] POST https://new-york-s1.goart.work/
[12:52:40] Connected to 206.206.127.168:443
[12:52:40] SSL negotiation with new-york-s1.goart.work
[12:52:40] Server certificate verify failed: unable to get local issuer certificate
[12:52:40] Connected to HTTPS on new-york-s1.goart.work with ciphersuite TLSv1.2-ECDHE-RSA-AES128-GCM-SHA256
[12:52:41] XML POST enabled
[12:52:41] POST https://new-york-s1.goart.work/auth
[12:52:41] SSL negotiation with new-york-s1.goart.work
[12:52:41] Server certificate verify failed: unable to get local issuer certificate
[12:52:41] Connected to HTTPS on new-york-s1.goart.work with ciphersuite TLSv1.2-ECDHE-RSA-AES128-GCM-SHA256
[12:52:41] XML POST enabled
[12:52:41] POST https://new-york-s1.goart.work/auth
[12:52:41] SSL negotiation with new-york-s1.goart.work
[12:52:42] Server certificate verify failed: unable to get local issuer certificate
[12:52:42] Connected to HTTPS on new-york-s1.goart.work with ciphersuite TLSv1.2-ECDHE-RSA-AES128-GCM-SHA256
[12:52:42] POST https://new-york-s1.goart.work/auth
[12:52:42] SSL negotiation with new-york-s1.goart.work
[12:52:42] Server certificate verify failed: unable to get local issuer certificate
[12:52:43] Connected to HTTPS on new-york-s1.goart.work with ciphersuite TLSv1.2-ECDHE-RSA-AES128-GCM-SHA256
[12:52:43] SSL negotiation with new-york-s1.goart.work
[12:52:43] Server certificate verify failed: unable to get local issuer certificate
[12:52:43] Connected to HTTPS on new-york-s1.goart.work with ciphersuite TLSv1.2-ECDHE-RSA-AES128-GCM-SHA256
[12:52:43] Got CONNECT response: HTTP/1.1 200 CONNECTED
[12:52:43] CSTP connected. DPD 10, Keepalive 32400
[12:52:43] Configured as 10.100.127.209, with SSL connected and DTLS disabled
[12:52:44] Disabling all HTTP connection re-use due to --no-http-keepalive option.
[12:52:44] If this helps, please report to <openconnect-devel@lists.infradead.org>.
[12:52:44] Please enter your username.
[12:52:44] Group: [all]:all
[12:52:44] Please enter your username.
[12:52:44] Please enter your password.
[12:52:44] 2: Failed to find matching adapter name: ??????? ?? ??????. (Code 0x00000490)
[12:52:44] Could not open Wintun adapter 'vpn0': ќ«Ґ¬Ґ­в ­Ґ ­ ©¤Ґ­.
[12:52:44] 0: Removed orphaned adapter "vpn0"
[12:52:44] 0: Using existing driver 0.14
[12:52:44] 0: Creating adapter
[12:52:45] Using Wintun device 'vpn0', index 62
[12:52:45] WARNING: Support for Wintun is experimental and may be unstable. If you
[12:52:45]   encounter problems, install the TAP-Windows driver instead. See
[12:52:45]   https://www.infradead.org/openconnect/building.html
[12:52:46] Удалён дефолтный маршрут VPN через 10.100.127.209
[12:52:48] ✓ Split tunneling: 73 подсетей прописано через VPN
[12:52:49] DNS: 8.8.8.8 / 1.1.1.1 → Ethernet 3
[13:57:30] Read error on TLS session: 5
[13:57:30] Failed to reconnect to host new-york-s1.goart.work: ‘¤Ґ« ­  Ї®ЇлвЄ  ўлЇ®«­Ёвм ®ЇҐа жЁо ­  б®ЄҐвҐ ЇаЁ ®вЄ«озҐ­­®© бҐвЁ.
[13:57:30] sleep 10s, remaining timeout 3s
[13:57:40] Failed to reconnect to host new-york-s1.goart.work: ‘¤Ґ« ­  Ї®ЇлвЄ  ўлЇ®«­Ёвм ®ЇҐа жЁо ­  б®ЄҐвҐ ЇаЁ ®вЄ«озҐ­­®© бҐвЁ.
[13:57:40] Reconnect failed
[13:57:41] 0: Spawning native process to remove instance
[13:57:41] CSTP reconnect failed; exiting
[13:57:41] DNS сброшен на DHCP для Ethernet 3
[13:57:41] ⚠ Соединение упало — авто-перезапуск...
[13:57:41] Попытка 1, ожидание 15 сек...
[13:57:49] ⚠ Watchdog: процесс упал — перезапуск через 5 сек...
[13:57:56] Интернет недоступен, ждём...
[13:57:56] Попытка 2, ожидание 30 сек...
[13:58:26] Интернет и DNS есть — подключаемся (попытка 2)...
[13:58:28] POST https://new-york-s1.goart.work/
[13:58:28] Connected to 206.206.127.168:443
[13:58:28] SSL negotiation with new-york-s1.goart.work
[13:58:28] Server certificate verify failed: unable to get local issuer certificate
[13:58:28] Connected to HTTPS on new-york-s1.goart.work with ciphersuite TLSv1.2-ECDHE-RSA-AES128-GCM-SHA256
[13:58:28] XML POST enabled
[13:58:28] POST https://new-york-s1.goart.work/auth
[13:58:29] SSL negotiation with new-york-s1.goart.work
[13:58:29] Server certificate verify failed: unable to get local issuer certificate
[13:58:29] Connected to HTTPS on new-york-s1.goart.work with ciphersuite TLSv1.2-ECDHE-RSA-AES128-GCM-SHA256
[13:58:29] XML POST enabled
[13:58:29] POST https://new-york-s1.goart.work/auth
[13:58:29] SSL negotiation with new-york-s1.goart.work
[13:58:29] Server certificate verify failed: unable to get local issuer certificate
[13:58:30] Connected to HTTPS on new-york-s1.goart.work with ciphersuite TLSv1.2-ECDHE-RSA-AES128-GCM-SHA256
[13:58:30] POST https://new-york-s1.goart.work/auth
[13:58:30] SSL negotiation with new-york-s1.goart.work
[13:58:30] Server certificate verify failed: unable to get local issuer certificate
[13:58:30] Connected to HTTPS on new-york-s1.goart.work with ciphersuite TLSv1.2-ECDHE-RSA-AES128-GCM-SHA256
[13:58:31] SSL negotiation with new-york-s1.goart.work
[13:58:31] Server certificate verify failed: unable to get local issuer certificate
[13:58:31] Connected to HTTPS on new-york-s1.goart.work with ciphersuite TLSv1.2-ECDHE-RSA-AES128-GCM-SHA256
[13:58:31] Got CONNECT response: HTTP/1.1 200 CONNECTED
[13:58:31] CSTP connected. DPD 10, Keepalive 32400
[13:58:31] Configured as 10.100.127.209, with SSL connected and DTLS disabled
[13:58:32] 0: Using existing driver 0.14
[13:58:32] 0: Creating adapter
[13:58:32] Disabling all HTTP connection re-use due to --no-http-keepalive option.
[13:58:32] If this helps, please report to <openconnect-devel@lists.infradead.org>.
[13:58:32] Please enter your username.
[13:58:32] Group: [all]:all
[13:58:32] Please enter your username.
[13:58:32] Please enter your password.
[13:58:32] Using Wintun device 'vpn0', index 62
[13:58:32] WARNING: Support for Wintun is experimental and may be unstable. If you
[13:58:32]   encounter problems, install the TAP-Windows driver instead. See
[13:58:32]   https://www.infradead.org/openconnect/building.html
[13:58:36] ✓ Split tunneling: 73 подсетей прописано через VPN
[13:58:38] DNS: 8.8.8.8 / 1.1.1.1 → Ethernet 3
[14:01:16] DNS сброшен на DHCP для Ethernet 3
[14:05:20] >>> Запуск подключения...
[14:05:22] POST https://new-york-s1.goart.work/
[14:05:22] Connected to 206.206.127.168:443
[14:05:22] SSL negotiation with new-york-s1.goart.work
[14:05:22] Server certificate verify failed: unable to get local issuer certificate
[14:05:22] Connected to HTTPS on new-york-s1.goart.work with ciphersuite TLSv1.2-ECDHE-RSA-AES128-GCM-SHA256
[14:05:22] XML POST enabled
[14:05:22] POST https://new-york-s1.goart.work/auth
[14:05:23] SSL negotiation with new-york-s1.goart.work
[14:05:23] Server certificate verify failed: unable to get local issuer certificate
[14:05:23] Connected to HTTPS on new-york-s1.goart.work with ciphersuite TLSv1.2-ECDHE-RSA-AES128-GCM-SHA256
[14:05:23] XML POST enabled
[14:05:23] POST https://new-york-s1.goart.work/auth
[14:05:23] SSL negotiation with new-york-s1.goart.work
[14:05:23] Server certificate verify failed: unable to get local issuer certificate
[14:05:24] Connected to HTTPS on new-york-s1.goart.work with ciphersuite TLSv1.2-ECDHE-RSA-AES128-GCM-SHA256
[14:05:24] POST https://new-york-s1.goart.work/auth
[14:05:24] SSL negotiation with new-york-s1.goart.work
[14:05:24] Server certificate verify failed: unable to get local issuer certificate
[14:05:24] Connected to HTTPS on new-york-s1.goart.work with ciphersuite TLSv1.2-ECDHE-RSA-AES128-GCM-SHA256
[14:05:25] SSL negotiation with new-york-s1.goart.work
[14:05:25] Server certificate verify failed: unable to get local issuer certificate
[14:05:25] Connected to HTTPS on new-york-s1.goart.work with ciphersuite TLSv1.2-ECDHE-RSA-AES128-GCM-SHA256
[14:05:25] Got CONNECT response: HTTP/1.1 200 CONNECTED
[14:05:25] CSTP connected. DPD 10, Keepalive 32400
[14:05:25] Configured as 10.100.219.164, with SSL connected and DTLS disabled
[14:05:26] Disabling all HTTP connection re-use due to --no-http-keepalive option.
[14:05:26] If this helps, please report to <openconnect-devel@lists.infradead.org>.
[14:05:26] Please enter your username.
[14:05:26] Group: [all]:all
[14:05:26] Please enter your username.
[14:05:26] Please enter your password.
[14:05:26] 2: Failed to find matching adapter name: ??????? ?? ??????. (Code 0x00000490)
[14:05:26] Could not open Wintun adapter 'vpn0': ќ«Ґ¬Ґ­в ­Ґ ­ ©¤Ґ­.
[14:05:26] 0: Spawning native process to remove instance
[14:05:26] 0: Removed orphaned adapter "vpn0"
[14:05:26] 0: Using existing driver 0.14
[14:05:26] 0: Creating adapter
[14:05:27] Using Wintun device 'vpn0', index 62
[14:05:27] WARNING: Support for Wintun is experimental and may be unstable. If you
[14:05:27]   encounter problems, install the TAP-Windows driver instead. See
[14:05:27]   https://www.infradead.org/openconnect/building.html
[14:05:28] Удалён дефолтный маршрут VPN через 10.100.219.164
[14:05:30] ✓ Split tunneling: 73 подсетей прописано через VPN
[14:05:31] DNS: 8.8.8.8 / 1.1.1.1 → Ethernet 3
[14:07:37] Read error on TLS session: 5
[14:07:37] Failed to reconnect to host new-york-s1.goart.work: ‘¤Ґ« ­  Ї®ЇлвЄ  ўлЇ®«­Ёвм ®ЇҐа жЁо ­  б®ЄҐвҐ ЇаЁ ®вЄ«озҐ­­®© бҐвЁ.
[14:07:37] sleep 10s, remaining timeout 3s
[14:07:47] Failed to reconnect to host new-york-s1.goart.work: ‘¤Ґ« ­  Ї®ЇлвЄ  ўлЇ®«­Ёвм ®ЇҐа жЁо ­  б®ЄҐвҐ ЇаЁ ®вЄ«озҐ­­®© бҐвЁ.
[14:07:47] Reconnect failed
[14:07:48] 0: Spawning native process to remove instance
[14:07:48] CSTP reconnect failed; exiting
[14:07:48] DNS сброшен на DHCP для Ethernet 3
[14:07:48] ⚠ Соединение упало — авто-перезапуск...
[14:07:48] Попытка 1, ожидание 15 сек...
[14:07:51] ⚠ Watchdog: процесс упал — перезапуск через 5 сек...
[14:08:03] Интернет недоступен, ждём...
[14:08:03] Попытка 2, ожидание 30 сек...
[14:08:33] Интернет недоступен, ждём...
[14:08:33] Попытка 3, ожидание 45 сек...
[14:09:18] Интернет недоступен, ждём...
[14:09:18] Попытка 4, ожидание 60 сек...
[14:10:18] Интернет недоступен, ждём...
[14:10:18] Попытка 5, ожидание 60 сек...
[14:11:18] Интернет недоступен, ждём...
[14:11:18] Попытка 6, ожидание 60 сек...
[14:12:18] Интернет недоступен, ждём...
[14:12:18] Попытка 7, ожидание 60 сек...
[14:13:18] Интернет недоступен, ждём...
[14:13:18] Попытка 8, ожидание 60 сек...
[14:14:18] Интернет недоступен, ждём...
[14:14:18] Попытка 9, ожидание 60 сек...
[14:15:19] Интернет и DNS есть — подключаемся (попытка 9)...
[14:15:20] POST https://new-york-s1.goart.work/
[14:15:20] Connected to 206.206.127.168:443
[14:15:20] SSL negotiation with new-york-s1.goart.work
[14:15:20] Server certificate verify failed: unable to get local issuer certificate
[14:15:21] Connected to HTTPS on new-york-s1.goart.work with ciphersuite TLSv1.2-ECDHE-RSA-AES128-GCM-SHA256
[14:15:21] XML POST enabled
[14:15:21] POST https://new-york-s1.goart.work/auth
[14:15:21] SSL negotiation with new-york-s1.goart.work
[14:15:21] Server certificate verify failed: unable to get local issuer certificate
[14:15:21] Connected to HTTPS on new-york-s1.goart.work with ciphersuite TLSv1.2-ECDHE-RSA-AES128-GCM-SHA256
[14:15:21] XML POST enabled
[14:15:22] POST https://new-york-s1.goart.work/auth
[14:15:22] SSL negotiation with new-york-s1.goart.work
[14:15:22] Server certificate verify failed: unable to get local issuer certificate
[14:15:22] Connected to HTTPS on new-york-s1.goart.work with ciphersuite TLSv1.2-ECDHE-RSA-AES128-GCM-SHA256
[14:15:22] POST https://new-york-s1.goart.work/auth
[14:15:22] SSL negotiation with new-york-s1.goart.work
[14:15:23] Server certificate verify failed: unable to get local issuer certificate
[14:15:23] Connected to HTTPS on new-york-s1.goart.work with ciphersuite TLSv1.2-ECDHE-RSA-AES128-GCM-SHA256
[14:15:23] SSL negotiation with new-york-s1.goart.work
[14:15:23] Server certificate verify failed: unable to get local issuer certificate
[14:15:24] Connected to HTTPS on new-york-s1.goart.work with ciphersuite TLSv1.2-ECDHE-RSA-AES128-GCM-SHA256
[14:15:24] Got CONNECT response: HTTP/1.1 200 CONNECTED
[14:15:24] CSTP connected. DPD 10, Keepalive 32400
[14:15:24] Configured as 10.100.219.164, with SSL connected and DTLS disabled
[14:15:24] 0: Using existing driver 0.14
[14:15:24] 0: Creating adapter
[14:15:25] Disabling all HTTP connection re-use due to --no-http-keepalive option.
[14:15:25] If this helps, please report to <openconnect-devel@lists.infradead.org>.
[14:15:25] Please enter your username.
[14:15:25] Group: [all]:all
[14:15:25] Please enter your username.
[14:15:25] Please enter your password.
[14:15:25] Using Wintun device 'vpn0', index 62
[14:15:25] WARNING: Support for Wintun is experimental and may be unstable. If you
[14:15:25]   encounter problems, install the TAP-Windows driver instead. See
[14:15:25]   https://www.infradead.org/openconnect/building.html
[14:15:26] Удалён дефолтный маршрут VPN через 10.100.219.164
[14:15:27] ✓ Split tunneling: 73 подсетей прописано через VPN
[14:15:29] DNS: 8.8.8.8 / 1.1.1.1 → Ethernet 3
[14:23:33] CSTP Dead Peer Detection detected dead peer!
[14:23:54] Failed to reconnect to host new-york-s1.goart.work: Џ®ЇлвЄ  гбв ­®ўЁвм б®Ґ¤Ё­Ґ­ЁҐ Ўл«  ЎҐ§гбЇҐи­®©, в.Є. ®в ¤агЈ®Ј® Є®¬ЇмовҐа  §  ваҐЎгҐ¬®Ґ ўаҐ¬п ­Ґ Ї®«гзҐ­ ­г¦­л© ®вЄ«ЁЄ, Ё«Ё Ўл«® а §®аў ­® г¦Ґ гбв ­®ў«Ґ­­®Ґ б®Ґ¤Ё­Ґ­ЁҐ Ё§-§  ­ҐўҐа­®Ј® ®вЄ«ЁЄ  г¦Ґ Ї®¤Є«озҐ­­®Ј® Є®¬ЇмовҐа .
[14:23:54] sleep 10s, remaining timeout 3s
[14:24:15] SSL negotiation with new-york-s1.goart.work
[14:24:15] Server certificate verify failed: unable to get local issuer certificate
[14:24:15] Connected to HTTPS on new-york-s1.goart.work with ciphersuite TLSv1.2-ECDHE-RSA-AES128-GCM-SHA256
[14:24:15] Got CONNECT response: HTTP/1.1 200 CONNECTED
[14:24:15] CSTP connected. DPD 10, Keepalive 32400
[14:32:14] Read error on TLS session: 5
[14:32:14] Failed to reconnect to host new-york-s1.goart.work: ‘¤Ґ« ­  Ї®ЇлвЄ  ўлЇ®«­Ёвм ®ЇҐа жЁо ­  б®ЄҐвҐ ЇаЁ ®вЄ«озҐ­­®© бҐвЁ.
[14:32:14] sleep 10s, remaining timeout 3s
[14:32:24] Failed to reconnect to host new-york-s1.goart.work: ‘¤Ґ« ­  Ї®ЇлвЄ  ўлЇ®«­Ёвм ®ЇҐа жЁо ­  б®ЄҐвҐ ЇаЁ ®вЄ«озҐ­­®© бҐвЁ.
[14:32:24] Reconnect failed
[14:32:25] 0: Spawning native process to remove instance
[14:32:25] CSTP reconnect failed; exiting
[14:32:25] DNS сброшен на DHCP для Ethernet 3
[14:32:25] ⚠ Соединение упало — авто-перезапуск...
[14:32:25] Попытка 1, ожидание 15 сек...
[14:32:29] ⚠ Watchdog: процесс упал — перезапуск через 5 сек...
[14:32:40] Интернет недоступен, ждём...
[14:32:40] Попытка 2, ожидание 30 сек...
[14:33:10] Интернет недоступен, ждём...
[14:33:10] Попытка 3, ожидание 45 сек...
[14:33:55] Интернет недоступен, ждём...
[14:33:55] Попытка 4, ожидание 60 сек...
[14:34:55] Интернет недоступен, ждём...
[14:34:55] Попытка 5, ожидание 60 сек...
[14:35:55] Интернет недоступен, ждём...
[14:35:55] Попытка 6, ожидание 60 сек...
[14:36:55] Интернет недоступен, ждём...
[14:36:55] Попытка 7, ожидание 60 сек...
[14:37:55] Интернет недоступен, ждём...
[14:37:55] Попытка 8, ожидание 60 сек...
[14:38:55] Интернет недоступен, ждём...
[14:38:55] Попытка 9, ожидание 60 сек...
[14:39:55] Интернет недоступен, ждём...
[14:39:55] Попытка 10, ожидание 60 сек...
[14:40:55] Интернет недоступен, ждём...
[14:40:55] Попытка 11, ожидание 60 сек...
[14:41:55] Интернет недоступен, ждём...
[14:41:55] Попытка 12, ожидание 60 сек...
[14:42:55] Интернет недоступен, ждём...
[14:42:55] Попытка 13, ожидание 60 сек...
[14:43:55] Интернет недоступен, ждём...
[14:43:55] Попытка 14, ожидание 60 сек...
[14:44:55] Интернет недоступен, ждём...
[14:44:55] Попытка 15, ожидание 60 сек...
[14:45:55] Интернет недоступен, ждём...
[14:45:55] Попытка 16, ожидание 60 сек...
[14:46:55] Интернет недоступен, ждём...
[14:46:55] Попытка 17, ожидание 60 сек...
[14:47:55] Интернет недоступен, ждём...
[14:47:55] Попытка 18, ожидание 60 сек...
[14:48:55] Интернет недоступен, ждём...
[14:48:55] Попытка 19, ожидание 60 сек...
[14:49:55] Интернет недоступен, ждём...
[14:49:55] Попытка 20, ожидание 60 сек...
[14:50:55] Интернет недоступен, ждём...
[14:50:55] Попытка 21, ожидание 60 сек...
[14:51:56] Интернет недоступен, ждём...
[14:51:56] Попытка 22, ожидание 60 сек...
[14:52:56] Интернет недоступен, ждём...
[14:52:56] Попытка 23, ожидание 60 сек...
[14:53:56] Интернет недоступен, ждём...
[14:53:56] Попытка 24, ожидание 60 сек...
[14:54:56] Интернет недоступен, ждём...
[14:54:56] Попытка 25, ожидание 60 сек...
[14:55:56] Интернет и DNS есть — подключаемся (попытка 25)...
[14:55:57] POST https://new-york-s1.goart.work/
[14:55:57] Connected to 206.206.127.168:443
[14:55:57] SSL negotiation with new-york-s1.goart.work
[14:55:58] Server certificate verify failed: unable to get local issuer certificate
[14:55:58] Connected to HTTPS on new-york-s1.goart.work with ciphersuite TLSv1.2-ECDHE-RSA-AES128-GCM-SHA256
[14:55:58] XML POST enabled
[14:55:58] POST https://new-york-s1.goart.work/auth
[14:55:58] SSL negotiation with new-york-s1.goart.work
[14:55:58] Server certificate verify failed: unable to get local issuer certificate
[14:55:58] Connected to HTTPS on new-york-s1.goart.work with ciphersuite TLSv1.2-ECDHE-RSA-AES128-GCM-SHA256
[14:55:59] XML POST enabled
[14:55:59] POST https://new-york-s1.goart.work/auth
[14:55:59] SSL negotiation with new-york-s1.goart.work
[14:55:59] Server certificate verify failed: unable to get local issuer certificate
[14:55:59] Connected to HTTPS on new-york-s1.goart.work with ciphersuite TLSv1.2-ECDHE-RSA-AES128-GCM-SHA256
[14:55:59] POST https://new-york-s1.goart.work/auth
[14:56:00] SSL negotiation with new-york-s1.goart.work
[14:56:00] Server certificate verify failed: unable to get local issuer certificate
[14:56:00] Connected to HTTPS on new-york-s1.goart.work with ciphersuite TLSv1.2-ECDHE-RSA-AES128-GCM-SHA256
[14:56:00] SSL negotiation with new-york-s1.goart.work
[14:56:00] Server certificate verify failed: unable to get local issuer certificate
[14:56:01] Connected to HTTPS on new-york-s1.goart.work with ciphersuite TLSv1.2-ECDHE-RSA-AES128-GCM-SHA256
[14:56:01] Got CONNECT response: HTTP/1.1 200 CONNECTED
[14:56:01] CSTP connected. DPD 10, Keepalive 32400
[14:56:01] Configured as 10.100.219.164, with SSL connected and DTLS disabled
[14:56:01] 0: Using existing driver 0.14
[14:56:01] 0: Creating adapter
[14:56:02] Disabling all HTTP connection re-use due to --no-http-keepalive option.
[14:56:02] If this helps, please report to <openconnect-devel@lists.infradead.org>.
[14:56:02] Please enter your username.
[14:56:02] Group: [all]:all
[14:56:02] Please enter your username.
[14:56:02] Please enter your password.
[14:56:02] Using Wintun device 'vpn0', index 62
[14:56:02] WARNING: Support for Wintun is experimental and may be unstable. If you
[14:56:02]   encounter problems, install the TAP-Windows driver instead. See
[14:56:02]   https://www.infradead.org/openconnect/building.html
[14:56:03] Удалён дефолтный маршрут VPN через 10.100.219.164
[14:56:05] ✓ Split tunneling: 73 подсетей прописано через VPN
[14:56:06] DNS: 8.8.8.8 / 1.1.1.1 → Ethernet 3
[06:35:30] Найден незакрытый DNS lock — сбрасываем Ethernet 3
[06:35:31] DNS сброшен на DHCP для Ethernet 3
[06:35:34] >>> Запуск подключения...
[06:35:36] POST https://new-york-s1.goart.work/
[06:35:36] Connected to 206.206.127.168:443
[06:35:36] SSL negotiation with new-york-s1.goart.work
[06:35:36] Server certificate verify failed: unable to get local issuer certificate
[06:35:36] Connected to HTTPS on new-york-s1.goart.work with ciphersuite TLSv1.2-ECDHE-RSA-AES128-GCM-SHA256
[06:35:37] XML POST enabled
[06:35:37] POST https://new-york-s1.goart.work/auth
[06:35:37] SSL negotiation with new-york-s1.goart.work
[06:35:37] Server certificate verify failed: unable to get local issuer certificate
[06:35:37] Connected to HTTPS on new-york-s1.goart.work with ciphersuite TLSv1.2-ECDHE-RSA-AES128-GCM-SHA256
[06:35:37] XML POST enabled
[06:35:37] POST https://new-york-s1.goart.work/auth
[06:35:38] SSL negotiation with new-york-s1.goart.work
[06:35:38] Server certificate verify failed: unable to get local issuer certificate
[06:35:38] Connected to HTTPS on new-york-s1.goart.work with ciphersuite TLSv1.2-ECDHE-RSA-AES128-GCM-SHA256
[06:35:38] POST https://new-york-s1.goart.work/auth
[06:35:38] SSL negotiation with new-york-s1.goart.work
[06:35:38] Server certificate verify failed: unable to get local issuer certificate
[06:35:39] Connected to HTTPS on new-york-s1.goart.work with ciphersuite TLSv1.2-ECDHE-RSA-AES128-GCM-SHA256
[06:35:39] SSL negotiation with new-york-s1.goart.work
[06:35:39] Server certificate verify failed: unable to get local issuer certificate
[06:35:39] Connected to HTTPS on new-york-s1.goart.work with ciphersuite TLSv1.2-ECDHE-RSA-AES128-GCM-SHA256
[06:35:40] Got CONNECT response: HTTP/1.1 200 CONNECTED
[06:35:40] CSTP connected. DPD 10, Keepalive 32400
[06:35:40] Configured as 10.100.219.164, with SSL connected and DTLS disabled
[06:35:40] Disabling all HTTP connection re-use due to --no-http-keepalive option.
[06:35:40] If this helps, please report to <openconnect-devel@lists.infradead.org>.
[06:35:40] Please enter your username.
[06:35:40] Group: [all]:all
[06:35:40] Please enter your username.
[06:35:40] Please enter your password.
[06:35:40] 2: Failed to find matching adapter name: ??????? ?? ??????. (Code 0x00000490)
[06:35:40] Could not open Wintun adapter 'vpn0': ќ«Ґ¬Ґ­в ­Ґ ­ ©¤Ґ­.
[06:35:40] 0: Spawning native process to remove instance
[06:35:40] 0: Removed orphaned adapter "vpn0"
[06:35:41] 0: Using existing driver 0.14
[06:35:41] 0: Creating adapter
[06:35:41] Using Wintun device 'vpn0', index 2
[06:35:41] WARNING: Support for Wintun is experimental and may be unstable. If you
[06:35:41]   encounter problems, install the TAP-Windows driver instead. See
[06:35:41]   https://www.infradead.org/openconnect/building.html
[06:35:45] ✓ Split tunneling: 73 подсетей прописано через VPN
[06:35:49] DNS: 8.8.8.8 / 1.1.1.1 → Ethernet 3
